class ActualClassName {

    void second(Integer a){
        println a
    }
}