class ActualClassName {

    void second(String a){
    
    }
}